// Jest Snapshot v1, https://goo.gl/fbAQLP

exports[`App should render correctly 1`] = `
<div
  className="container"
>
  <BrowserRouter>
    <div>
      <Connect(Header) />
      <Route
        component={[Function]}
        exact={true}
        path="/"
      />
      <Route
        component={[Function]}
        exact={true}
        path="/surveys"
      />
      <Route
        component={[Function]}
        path="/surveys/new"
      />
    </div>
  </BrowserRouter>
</div>
`;
